-- ignore non-determenistic warnings, hints, details
-- start_matchignore
-- m/^WARNING:\s+/
-- m/^HINT:\s+/
-- m/^DETAIL:\s+/
-- end_matchignore
create table t_insert(a int);
select gp_inject_fault_infinite('fts_probe','skip',dbid) FROM gp_segment_configuration WHERE role = 'p' AND content = -1;
 gp_inject_fault_infinite 
--------------------------
 Success:
(1 row)

select gp_request_fts_probe_scan();
 gp_request_fts_probe_scan 
---------------------------
 t
(1 row)

select gp_inject_fault('orc_writer_write_tuple','panic',dbid) FROM gp_segment_configuration WHERE role = 'p' AND content > -1;
 gp_inject_fault 
-----------------
 Success:
 Success:
 Success:
(3 rows)

-- failed because of fault injection
-- start_ignore
insert into t_insert select generate_series(1,10);
-- clear the fault inject, so the next insert will success.
-- put the reset operation in ignore range
select gp_inject_fault('orc_writer_write_tuple','reset',dbid) FROM gp_segment_configuration WHERE role = 'p' AND content > -1;
select gp_inject_fault('fts_probe','reset',dbid) FROM gp_segment_configuration WHERE role = 'p' AND content = -1;
 gp_inject_fault 
-----------------
 Success:
(1 row)

-- end_ignore
-- success
insert into t_insert select generate_series(1,10);
drop table t_insert;
